// Jest Snapshot v1, https://goo.gl/fbAQLP

exports[`Faucet helpers makeTxConfig matches snapshot 1`] = `
Object {
  "amount": "0.000000000000000001",
  "asset": Object {
    "decimal": 18,
    "isCustom": false,
    "name": "Ropsten",
    "networkId": "Ropsten",
    "ticker": "RopstenETH",
    "type": "base",
    "uuid": "77de68da-ecd8-53ba-bbb5-8edb1c8e14d7",
  },
  "baseAsset": Object {
    "decimal": 18,
    "isCustom": false,
    "name": "Ropsten",
    "networkId": "Ropsten",
    "ticker": "RopstenETH",
    "type": "base",
    "uuid": "77de68da-ecd8-53ba-bbb5-8edb1c8e14d7",
  },
  "data": "0x",
  "from": "0xa500B2427458D12Ef70dd7b1E031ef99d1cc09f7",
  "gasLimit": "21000",
  "gasPrice": "1000000000",
  "network": Object {
    "baseAsset": "77de68da-ecd8-53ba-bbb5-8edb1c8e14d7",
    "baseUnit": "RopstenETH",
    "blockExplorer": Object {
      "addressPath": "address",
      "blockPath": "block",
      "name": "Etherscan",
      "origin": "https://ropsten.etherscan.io",
      "tokenPath": "token",
      "txPath": "tx",
    },
    "chainId": 3,
    "color": "#adc101",
    "dPaths": Object {
      "LEDGER_NANO_S": Object {
        "label": "Ledger (ETH)",
        "value": "m/44'/60'/0'",
      },
      "TREZOR": Object {
        "label": "Testnet (ETH)",
        "value": "m/44'/1'/0'/0",
      },
      "default": Object {
        "label": "Testnet (ETH)",
        "value": "m/44'/1'/0'/0",
      },
    },
    "gasPriceSettings": Object {
      "initial": 4,
      "max": 40,
      "min": 0.1,
    },
    "id": "Ropsten",
    "isCustom": false,
    "isTestnet": true,
    "name": "Ropsten",
    "nodes": Array [
      Object {
        "name": "ropsten_infura",
        "service": "Infura",
        "type": "infura",
        "url": "https://ropsten.infura.io/v3/c02fff6b5daa434d8422b8ece54c7286",
      },
    ],
  },
  "nonce": "39",
  "rawTransaction": Object {
    "chainId": 3,
    "data": "0x",
    "from": "0xa500B2427458D12Ef70dd7b1E031ef99d1cc09f7",
    "gasLimit": "21000",
    "gasPrice": "1000000000",
    "nonce": "39",
    "to": "0x0000000000000000000000000000000000000000",
    "value": "1",
  },
  "receiverAddress": "0x0000000000000000000000000000000000000000",
  "senderAccount": undefined,
  "value": "1",
}
`;

exports[`Faucet helpers makeTxReceipt matches snapshot 1`] = `
Object {
  "amount": "0.000000000000000001",
  "asset": Object {
    "decimal": 18,
    "isCustom": false,
    "name": "Ropsten",
    "networkId": "Ropsten",
    "ticker": "RopstenETH",
    "type": "base",
    "uuid": "77de68da-ecd8-53ba-bbb5-8edb1c8e14d7",
  },
  "baseAsset": Object {
    "decimal": 18,
    "isCustom": false,
    "name": "Ropsten",
    "networkId": "Ropsten",
    "ticker": "RopstenETH",
    "type": "base",
    "uuid": "77de68da-ecd8-53ba-bbb5-8edb1c8e14d7",
  },
  "data": "0x",
  "from": "0xa500B2427458D12Ef70dd7b1E031ef99d1cc09f7",
  "gasLimit": BigNumber {
    "_hex": "0x5208",
  },
  "gasPrice": BigNumber {
    "_hex": "0x3b9aca00",
  },
  "hash": "0x5049c0847681402db2c303847f2f66ac7f3a6caf63119b676374d5781b8d11e9",
  "nonce": "39",
  "receiverAddress": "0x0000000000000000000000000000000000000000",
  "status": "PENDING",
  "to": "0x0000000000000000000000000000000000000000",
  "txType": "FAUCET",
  "value": BigNumber {
    "_hex": "0x01",
  },
}
`;
