// Jest Snapshot v1, https://goo.gl/fbAQLP

exports[`render snapshot 1`] = `
<GenerateWallet
  activeStep={Object {}}
  continueToPaper={[Function]}
  generateNewWallet={[Function]}
  password={Object {}}
  resetGenerateWallet={[Function]}
  wallet={Object {}}
  walletPasswordForm={Object {}}
/>
`;
