// Jest Snapshot v1, https://goo.gl/fbAQLP

exports[`render snapshot 1`] = `
<Swap
  bityOrder={Object {}}
  bityOrderCreateRequestedSwap={[Function]}
  bityRates={
    Object {
      "allIds": Array [],
      "byId": Object {},
    }
  }
  changeStepSwap={[Function]}
  destination={
    Object {
      "amount": NaN,
      "id": "ETH",
    }
  }
  destinationAddress=""
  destinationAddressSwap={[Function]}
  initSwap={[Function]}
  isFetchingRates={null}
  isPostingOrder={false}
  loadBityRatesRequestedSwap={[Function]}
  options={
    Object {
      "allIds": Array [],
      "byId": Object {},
    }
  }
  orderStatus={null}
  origin={
    Object {
      "amount": NaN,
      "id": "BTC",
    }
  }
  outputTx={null}
  paymentAddress={null}
  restartSwap={[Function]}
  secondsRemaining={null}
  showNotification={[Function]}
  startOrderTimerSwap={[Function]}
  startPollBityOrderStatus={[Function]}
  step={1}
  stopLoadBityRatesSwap={[Function]}
  stopOrderTimerSwap={[Function]}
  stopPollBityOrderStatus={[Function]}
/>
`;
