// Jest Snapshot v1, https://goo.gl/fbAQLP

exports[`render snapshot 1`] = `
<Connect(TabSection)>
  <section
    className="container"
  >
    <div
      className="tab-content"
    >
      <article
        className="tab-pane active"
      >
        <article
          className="collapse-container"
        >
          <div>
            <h1>
              Wallet Info  🎉
            </h1>
          </div>
          <div>
            <p>
              <TranslateMarkdown
                source="This allows you to download different versions of private keys and re-print your paper wallet. You may want to do this in order to [import your account into Geth/Mist](https://ethereum.stackexchange.com/questions/465/how-to-import-a-plain-private-key-into-geth/). If you want to check your balance, we recommend using a blockchain explorer like [etherscan.io](https://etherscan.io/).  🎉"
              />
            </p>
          </div>
        </article>
      </article>
    </div>
  </section>
</Connect(TabSection)>
`;
